[36m2025-03-19 11:45:08[39m [[32mINFO[39m]: Database Connected
[36m2025-03-19 15:43:11[39m [[32mINFO[39m]: New user registered: q@gmail.com
[36m2025-03-19 15:43:11[39m [[32mINFO[39m]: POST /register 201 5187.718 ms
[36m2025-03-19 15:44:40[39m [[32mINFO[39m]: User logged in: q@gmail.com
[36m2025-03-19 15:44:40[39m [[32mINFO[39m]: POST /login 200 1038.842 ms
[36m2025-03-19 16:37:27[39m [[32mINFO[39m]: Database Connected
[36m2025-03-19 16:50:16[39m [[32mINFO[39m]: Database Connected
[36m2025-03-20 00:06:12[39m [[32mINFO[39m]: Database Connected
[36m2025-03-20 00:14:32[39m [[32mINFO[39m]: Database Connected
[36m2025-03-20 00:20:44[39m [[32mINFO[39m]: Database Connected
[36m2025-03-20 00:22:44[39m [[32mINFO[39m]: Database Connected
[36m2025-03-20 00:22:49[39m [[31mERROR[39m]: GET /profile 403 16.995 ms
[36m2025-03-20 00:22:49[39m [[31mERROR[39m]: GET /profile 403 4.211 ms
[36m2025-03-20 00:22:49[39m [[32mINFO[39m]: OPTIONS /refresh-token 204 0.585 ms
[36m2025-03-20 00:22:49[39m [[32mINFO[39m]: OPTIONS /refresh-token 204 1.595 ms
[36m2025-03-20 00:22:49[39m [[31mERROR[39m]: POST /refresh-token 404 41.790 ms
[36m2025-03-20 00:22:49[39m [[31mERROR[39m]: GET /profile 403 28.760 ms
[36m2025-03-20 00:22:49[39m [[31mERROR[39m]: POST /refresh-token 404 2.385 ms
[36m2025-03-20 00:22:49[39m [[31mERROR[39m]: GET /profile 403 1.915 ms
[36m2025-03-20 00:23:10[39m [[32mINFO[39m]: OPTIONS /register 204 0.281 ms
[36m2025-03-20 00:23:11[39m [[32mINFO[39m]: New user registered: w@gmail.com
[36m2025-03-20 00:23:11[39m [[32mINFO[39m]: POST /register 201 1243.985 ms
[36m2025-03-20 00:23:40[39m [[32mINFO[39m]: OPTIONS /login 204 2.011 ms
[36m2025-03-20 00:23:40[39m [[33mWARN[39m]: Login failed: Incorrect password for email w@gmail.com
[36m2025-03-20 00:23:40[39m [[31mERROR[39m]: POST /login 400 761.960 ms
[36m2025-03-20 00:23:45[39m [[32mINFO[39m]: OPTIONS /login 204 0.245 ms
[36m2025-03-20 00:23:46[39m [[32mINFO[39m]: User logged in: w@gmail.com
[36m2025-03-20 00:23:46[39m [[32mINFO[39m]: POST /login 200 762.335 ms
[36m2025-03-20 00:23:54[39m [[32mINFO[39m]: User logged out: Unknown user
[36m2025-03-20 00:23:54[39m [[32mINFO[39m]: POST /logout 200 7.435 ms
[36m2025-03-20 00:24:10[39m [[32mINFO[39m]: OPTIONS /login 204 0.221 ms
[36m2025-03-20 00:24:11[39m [[32mINFO[39m]: User logged in: w@gmail.com
[36m2025-03-20 00:24:11[39m [[32mINFO[39m]: POST /login 200 842.375 ms
[36m2025-03-20 00:24:14[39m [[32mINFO[39m]: Profile accessed for user ID: 67db12962b454a101dcbfc8d
[36m2025-03-20 00:24:14[39m [[32mINFO[39m]: GET /profile 200 7.153 ms
[36m2025-03-20 00:24:14[39m [[32mINFO[39m]: OPTIONS /refresh-token 204 0.213 ms
[36m2025-03-20 00:24:14[39m [[32mINFO[39m]: Profile accessed for user ID: 67db12962b454a101dcbfc8d
[36m2025-03-20 00:24:14[39m [[32mINFO[39m]: GET /profile 304 4.389 ms
[36m2025-03-20 00:24:14[39m [[31mERROR[39m]: POST /refresh-token 404 4.867 ms
[36m2025-03-20 00:24:14[39m [[31mERROR[39m]: POST /refresh-token 404 0.751 ms
[36m2025-03-20 00:24:14[39m [[32mINFO[39m]: Profile accessed for user ID: 67db12962b454a101dcbfc8d
[36m2025-03-20 00:24:14[39m [[32mINFO[39m]: GET /profile 304 40.548 ms
[36m2025-03-20 00:24:14[39m [[32mINFO[39m]: Profile accessed for user ID: 67db12962b454a101dcbfc8d
[36m2025-03-20 00:24:14[39m [[32mINFO[39m]: GET /profile 304 11.073 ms
[36m2025-03-20 00:24:16[39m [[32mINFO[39m]: Profile accessed for user ID: 67db12962b454a101dcbfc8d
[36m2025-03-20 00:24:16[39m [[32mINFO[39m]: GET /profile 304 5.338 ms
[36m2025-03-20 00:24:16[39m [[31mERROR[39m]: POST /refresh-token 404 1.254 ms
[36m2025-03-20 00:24:16[39m [[31mERROR[39m]: POST /refresh-token 404 1.150 ms
[36m2025-03-20 00:24:16[39m [[32mINFO[39m]: Profile accessed for user ID: 67db12962b454a101dcbfc8d
[36m2025-03-20 00:24:16[39m [[32mINFO[39m]: GET /profile 304 6.642 ms
[36m2025-03-20 00:24:16[39m [[32mINFO[39m]: Profile accessed for user ID: 67db12962b454a101dcbfc8d
[36m2025-03-20 00:24:16[39m [[32mINFO[39m]: GET /profile 304 3.495 ms
[36m2025-03-20 00:24:16[39m [[32mINFO[39m]: Profile accessed for user ID: 67db12962b454a101dcbfc8d
[36m2025-03-20 00:24:16[39m [[32mINFO[39m]: GET /profile 304 19.033 ms
[36m2025-03-20 00:24:18[39m [[32mINFO[39m]: Profile accessed for user ID: 67db12962b454a101dcbfc8d
[36m2025-03-20 00:24:18[39m [[32mINFO[39m]: GET /profile 304 5.311 ms
[36m2025-03-20 00:24:18[39m [[32mINFO[39m]: Profile accessed for user ID: 67db12962b454a101dcbfc8d
[36m2025-03-20 00:24:18[39m [[32mINFO[39m]: GET /profile 304 6.195 ms
[36m2025-03-20 00:24:18[39m [[31mERROR[39m]: POST /refresh-token 404 13.098 ms
[36m2025-03-20 00:24:18[39m [[31mERROR[39m]: POST /refresh-token 404 6.976 ms
[36m2025-03-20 00:24:18[39m [[32mINFO[39m]: Profile accessed for user ID: 67db12962b454a101dcbfc8d
[36m2025-03-20 00:24:18[39m [[32mINFO[39m]: GET /profile 304 7.803 ms
[36m2025-03-20 00:24:18[39m [[32mINFO[39m]: Profile accessed for user ID: 67db12962b454a101dcbfc8d
[36m2025-03-20 00:24:18[39m [[32mINFO[39m]: GET /profile 304 8.323 ms
[36m2025-03-20 00:24:21[39m [[32mINFO[39m]: User logged out: Unknown user
[36m2025-03-20 00:24:21[39m [[32mINFO[39m]: POST /logout 200 1.392 ms
[36m2025-03-20 00:29:54[39m [[32mINFO[39m]: Database Connected
[36m2025-03-20 00:34:21[39m [[32mINFO[39m]: Database Connected
[36m2025-03-20 00:34:39[39m [[32mINFO[39m]: OPTIONS /login 204 2.092 ms
[36m2025-03-20 00:34:40[39m [[33mWARN[39m]: Login failed: Incorrect password for email w@gmail.com
[36m2025-03-20 00:34:40[39m [[31mERROR[39m]: POST /login 400 892.836 ms
[36m2025-03-20 00:34:45[39m [[32mINFO[39m]: User logged in: w@gmail.com
[36m2025-03-20 00:34:45[39m [[32mINFO[39m]: POST /login 200 1065.558 ms
[36m2025-03-20 00:34:49[39m [[32mINFO[39m]: User logged out: Unknown user
[36m2025-03-20 00:34:49[39m [[32mINFO[39m]: POST /logout 200 1.377 ms
[36m2025-03-20 00:36:51[39m [[32mINFO[39m]: Database Connected
[36m2025-03-20 00:40:57[39m [[32mINFO[39m]: Database Connected
[36m2025-03-20 00:54:33[39m [[32mINFO[39m]: OPTIONS /refresh-token 204 8.910 ms
[36m2025-03-20 00:54:33[39m [[32mINFO[39m]: OPTIONS /refresh-token 204 0.614 ms
[36m2025-03-20 00:54:33[39m [[31mERROR[39m]: GET /profile 403 23.392 ms
[36m2025-03-20 00:54:33[39m [[31mERROR[39m]: GET /profile 403 3.245 ms
[36m2025-03-20 00:54:33[39m [[32mINFO[39m]: OPTIONS /refresh-token 204 0.310 ms
[36m2025-03-20 00:54:33[39m [[31mERROR[39m]: GET /profile 403 2.106 ms
[36m2025-03-20 00:54:33[39m [[32mINFO[39m]: OPTIONS /refresh-token 204 0.791 ms
[36m2025-03-20 00:54:33[39m [[31mERROR[39m]: GET /profile 403 1.955 ms
[36m2025-03-20 00:54:33[39m [[31mERROR[39m]: POST /refresh-token 404 38.329 ms
[36m2025-03-20 00:54:33[39m [[31mERROR[39m]: GET /profile 403 3.325 ms
[36m2025-03-20 00:54:33[39m [[31mERROR[39m]: POST /refresh-token 404 1.313 ms
[36m2025-03-20 00:54:33[39m [[31mERROR[39m]: POST /refresh-token 404 9.360 ms
[36m2025-03-20 00:54:33[39m [[31mERROR[39m]: GET /profile 403 2.029 ms
[36m2025-03-20 00:54:33[39m [[31mERROR[39m]: POST /refresh-token 404 0.659 ms
[36m2025-03-20 00:54:33[39m [[31mERROR[39m]: GET /profile 403 1.927 ms
[36m2025-03-20 00:54:33[39m [[31mERROR[39m]: GET /profile 403 2.194 ms
[36m2025-03-20 09:44:50[39m [[32mINFO[39m]: Database Connected
[36m2025-03-20 09:46:05[39m [[32mINFO[39m]: OPTIONS /register 204 2.074 ms
[36m2025-03-20 09:46:06[39m [[32mINFO[39m]: New user registered: t@gmail.com
[36m2025-03-20 09:46:06[39m [[32mINFO[39m]: POST /register 200 1355.881 ms
[36m2025-03-20 09:46:20[39m [[32mINFO[39m]: OPTIONS /login 204 0.217 ms
[36m2025-03-20 09:46:21[39m [[32mINFO[39m]: User logged in: t@gmail.com
[36m2025-03-20 09:46:21[39m [[32mINFO[39m]: POST /login 200 671.581 ms
[36m2025-03-20 09:46:24[39m [[32mINFO[39m]: User logged out: Unknown user
[36m2025-03-20 09:46:24[39m [[32mINFO[39m]: POST /logout 200 2.145 ms
[36m2025-03-20 09:47:26[39m [[32mINFO[39m]: OPTIONS /register 204 0.318 ms
[36m2025-03-20 09:47:28[39m [[32mINFO[39m]: New user registered: e@gmail.com
[36m2025-03-20 09:47:28[39m [[32mINFO[39m]: POST /register 200 1646.299 ms
[36m2025-03-20 10:24:39[39m [[32mINFO[39m]: Database Connected
[36m2025-03-20 10:43:06[39m [[32mINFO[39m]: Database Connected
[36m2025-03-20 11:46:12[39m [[31mERROR[39m]: GET /profile 403 494.579 ms
[36m2025-03-20 11:46:12[39m [[31mERROR[39m]: GET /profile 403 6.153 ms
[36m2025-03-20 11:46:12[39m [[32mINFO[39m]: OPTIONS /refresh-token 204 0.490 ms
[36m2025-03-20 11:46:12[39m [[31mERROR[39m]: GET /profile 403 3.061 ms
[36m2025-03-20 11:46:12[39m [[32mINFO[39m]: OPTIONS /refresh-token 204 0.277 ms
[36m2025-03-20 11:46:12[39m [[31mERROR[39m]: GET /profile 403 1.749 ms
[36m2025-03-20 11:46:13[39m [[32mINFO[39m]: OPTIONS /refresh-token 204 3.014 ms
[36m2025-03-20 11:46:13[39m [[32mINFO[39m]: OPTIONS /refresh-token 204 0.227 ms
[36m2025-03-20 11:46:13[39m [[31mERROR[39m]: POST /refresh-token 404 478.878 ms
[36m2025-03-20 11:46:13[39m [[31mERROR[39m]: GET /profile 403 1.892 ms
[36m2025-03-20 11:46:13[39m [[31mERROR[39m]: POST /refresh-token 404 1.762 ms
[36m2025-03-20 11:46:13[39m [[31mERROR[39m]: POST /refresh-token 404 0.826 ms
[36m2025-03-20 11:46:13[39m [[31mERROR[39m]: GET /profile 403 2.211 ms
[36m2025-03-20 11:46:13[39m [[31mERROR[39m]: POST /refresh-token 404 0.729 ms
[36m2025-03-20 11:46:13[39m [[31mERROR[39m]: GET /profile 403 15.209 ms
[36m2025-03-20 11:46:13[39m [[31mERROR[39m]: GET /profile 403 5.514 ms
[36m2025-03-20 12:12:59[39m [[31mERROR[39m]: GET /profile 403 21.486 ms
[36m2025-03-20 12:13:00[39m [[31mERROR[39m]: GET /profile 403 408.432 ms
[36m2025-03-20 12:13:00[39m [[32mINFO[39m]: OPTIONS /refresh-token 204 0.270 ms
[36m2025-03-20 12:13:00[39m [[31mERROR[39m]: GET /profile 403 2.104 ms
[36m2025-03-20 12:13:00[39m [[32mINFO[39m]: OPTIONS /refresh-token 204 0.270 ms
[36m2025-03-20 12:13:00[39m [[31mERROR[39m]: GET /profile 403 96.436 ms
[36m2025-03-20 12:13:00[39m [[32mINFO[39m]: OPTIONS /refresh-token 204 1.355 ms
[36m2025-03-20 12:13:00[39m [[32mINFO[39m]: OPTIONS /refresh-token 204 2.739 ms
[36m2025-03-20 12:13:00[39m [[31mERROR[39m]: POST /refresh-token 404 5.708 ms
[36m2025-03-20 12:13:00[39m [[31mERROR[39m]: POST /refresh-token 404 29.119 ms
[36m2025-03-20 12:13:00[39m [[31mERROR[39m]: GET /profile 403 4.893 ms
[36m2025-03-20 12:13:00[39m [[31mERROR[39m]: POST /refresh-token 404 4.791 ms
[36m2025-03-20 12:13:00[39m [[31mERROR[39m]: GET /profile 403 2.374 ms
[36m2025-03-20 12:13:00[39m [[31mERROR[39m]: POST /refresh-token 404 2.307 ms
[36m2025-03-20 12:13:00[39m [[31mERROR[39m]: GET /profile 403 13.570 ms
[36m2025-03-20 12:13:00[39m [[31mERROR[39m]: GET /profile 403 5.050 ms
[36m2025-03-20 13:12:33[39m [[31mERROR[39m]: GET /profile 403 12.569 ms
[36m2025-03-20 13:12:33[39m [[31mERROR[39m]: GET /profile 403 1.759 ms
[36m2025-03-20 13:12:33[39m [[32mINFO[39m]: OPTIONS /refresh-token 204 0.373 ms
[36m2025-03-20 13:12:33[39m [[32mINFO[39m]: OPTIONS /refresh-token 204 0.227 ms
[36m2025-03-20 13:12:33[39m [[31mERROR[39m]: POST /refresh-token 404 16.123 ms
[36m2025-03-20 13:12:33[39m [[31mERROR[39m]: POST /refresh-token 404 1.893 ms
[36m2025-03-20 13:12:33[39m [[31mERROR[39m]: GET /profile 403 3.357 ms
[36m2025-03-20 13:12:33[39m [[31mERROR[39m]: GET /profile 403 1.923 ms
[36m2025-03-20 13:12:33[39m [[31mERROR[39m]: POST /refresh-token 404 27.580 ms
[36m2025-03-20 13:12:33[39m [[31mERROR[39m]: GET /profile 403 21.070 ms
[36m2025-03-20 13:12:33[39m [[31mERROR[39m]: POST /refresh-token 404 53.586 ms
[36m2025-03-20 13:12:33[39m [[31mERROR[39m]: GET /profile 403 1.691 ms
[36m2025-03-20 13:12:33[39m [[31mERROR[39m]: GET /profile 403 4.180 ms
[36m2025-03-20 13:12:33[39m [[31mERROR[39m]: GET /profile 403 8.096 ms
[36m2025-03-20 14:03:21[39m [[32mINFO[39m]: OPTIONS /register 204 3.523 ms
[36m2025-03-20 14:03:25[39m [[33mWARN[39m]: Registration failed: Email k@gmail.com already taken
[36m2025-03-20 14:03:25[39m [[32mINFO[39m]: POST /register 200 3932.412 ms
[36m2025-03-20 14:03:26[39m [[32mINFO[39m]: OPTIONS /register 204 0.710 ms
[36m2025-03-20 14:03:27[39m [[33mWARN[39m]: Registration failed: Email k@gmail.com already taken
[36m2025-03-20 14:03:27[39m [[32mINFO[39m]: POST /register 200 2753.332 ms
[36m2025-03-20 14:03:27[39m [[33mWARN[39m]: Registration failed: Email k@gmail.com already taken
[36m2025-03-20 14:03:27[39m [[32mINFO[39m]: POST /register 200 323.690 ms
[36m2025-03-20 14:03:30[39m [[33mWARN[39m]: Registration failed: Email k@gmail.com already taken
[36m2025-03-20 14:03:30[39m [[32mINFO[39m]: POST /register 200 515.633 ms
[36m2025-03-20 14:03:46[39m [[32mINFO[39m]: OPTIONS /register 204 0.224 ms
[36m2025-03-20 14:03:46[39m [[33mWARN[39m]: Registration failed: Email k@gmail.com already taken
[36m2025-03-20 14:03:46[39m [[32mINFO[39m]: POST /register 200 356.680 ms
[36m2025-03-20 14:04:02[39m [[32mINFO[39m]: OPTIONS /register 204 0.198 ms
[36m2025-03-20 14:04:02[39m [[33mWARN[39m]: Registration failed: Email p@gmail.com already taken
[36m2025-03-20 14:04:02[39m [[32mINFO[39m]: POST /register 200 489.718 ms
[36m2025-03-20 14:04:07[39m [[31mERROR[39m]: GET /profile 403 20.883 ms
[36m2025-03-20 14:04:07[39m [[31mERROR[39m]: GET /profile 403 1.796 ms
[36m2025-03-20 14:04:07[39m [[32mINFO[39m]: OPTIONS /refresh-token 204 0.313 ms
[36m2025-03-20 14:04:07[39m [[32mINFO[39m]: OPTIONS /refresh-token 204 0.169 ms
[36m2025-03-20 14:04:08[39m [[31mERROR[39m]: POST /refresh-token 404 3.623 ms
[36m2025-03-20 14:04:08[39m [[31mERROR[39m]: POST /refresh-token 404 0.957 ms
[36m2025-03-20 14:04:08[39m [[31mERROR[39m]: GET /profile 403 2.552 ms
[36m2025-03-20 14:04:08[39m [[31mERROR[39m]: GET /profile 403 2.249 ms
[36m2025-03-20 14:04:24[39m [[32mINFO[39m]: OPTIONS /register 204 0.198 ms
[36m2025-03-20 14:04:25[39m [[32mINFO[39m]: New user registered: l@gmail.com
[36m2025-03-20 14:04:25[39m [[32mINFO[39m]: POST /register 200 1545.524 ms
[36m2025-03-20 14:04:41[39m [[32mINFO[39m]: OPTIONS /login 204 0.190 ms
[36m2025-03-20 14:04:42[39m [[32mINFO[39m]: User logged in: l@gmail.com
[36m2025-03-20 14:04:42[39m [[32mINFO[39m]: POST /login 200 1014.380 ms
[36m2025-03-20 14:04:53[39m [[32mINFO[39m]: User logged out: Unknown user
[36m2025-03-20 14:04:53[39m [[32mINFO[39m]: POST /logout 200 6.232 ms
[36m2025-03-20 14:08:50[39m [[32mINFO[39m]: Database Connected
[36m2025-03-20 14:23:19[39m [[32mINFO[39m]: Database Connected
[36m2025-03-20 14:24:23[39m [[31mERROR[39m]: GET /profile 403 19.871 ms
[36m2025-03-20 14:24:23[39m [[31mERROR[39m]: GET /profile 403 5.737 ms
[36m2025-03-20 14:24:23[39m [[32mINFO[39m]: OPTIONS /refresh-token 204 0.997 ms
[36m2025-03-20 14:24:23[39m [[32mINFO[39m]: OPTIONS /refresh-token 204 0.641 ms
[36m2025-03-20 14:24:23[39m [[31mERROR[39m]: POST /refresh-token 404 23.332 ms
[36m2025-03-20 14:24:23[39m [[31mERROR[39m]: POST /refresh-token 404 1.188 ms
[36m2025-03-20 14:24:23[39m [[31mERROR[39m]: GET /profile 403 12.810 ms
[36m2025-03-20 14:24:23[39m [[31mERROR[39m]: GET /profile 403 1.819 ms
[36m2025-03-20 14:26:36[39m [[32mINFO[39m]: Database Connected
[36m2025-03-20 15:22:50[39m [[32mINFO[39m]: OPTIONS /refresh-token 204 68.894 ms
[36m2025-03-20 15:22:50[39m [[32mINFO[39m]: OPTIONS /refresh-token 204 1.320 ms
[36m2025-03-20 15:22:50[39m [[31mERROR[39m]: POST /refresh-token 404 183.598 ms
[36m2025-03-20 15:22:50[39m [[31mERROR[39m]: GET /profile 403 32.828 ms
[36m2025-03-20 15:22:50[39m [[31mERROR[39m]: POST /refresh-token 404 1.774 ms
[36m2025-03-20 15:22:50[39m [[31mERROR[39m]: GET /profile 403 2.194 ms
[36m2025-03-20 15:22:53[39m [[31mERROR[39m]: POST /refresh-token 404 0.701 ms
[36m2025-03-20 15:22:53[39m [[31mERROR[39m]: POST /refresh-token 404 1.176 ms
[36m2025-03-20 15:22:53[39m [[31mERROR[39m]: GET /profile 403 4.009 ms
[36m2025-03-20 15:22:53[39m [[31mERROR[39m]: GET /profile 403 4.434 ms
[36m2025-03-20 15:25:17[39m [[32mINFO[39m]: Database Connected
[36m2025-03-20 15:25:28[39m [[32mINFO[39m]: OPTIONS /refresh-token 204 7.623 ms
[36m2025-03-20 15:25:28[39m [[32mINFO[39m]: OPTIONS /refresh-token 204 0.393 ms
[36m2025-03-20 15:25:28[39m [[33mWARN[39m]: Token refresh failed: No refresh token provided
[36m2025-03-20 15:25:28[39m [[31mERROR[39m]: POST /refresh-token 403 45.695 ms
[36m2025-03-20 15:25:28[39m [[31mERROR[39m]: GET /profile 403 20.199 ms
[36m2025-03-20 15:25:28[39m [[33mWARN[39m]: Token refresh failed: No refresh token provided
[36m2025-03-20 15:25:28[39m [[31mERROR[39m]: POST /refresh-token 403 1.820 ms
[36m2025-03-20 15:25:28[39m [[31mERROR[39m]: GET /profile 403 3.516 ms
[36m2025-03-20 15:25:35[39m [[32mINFO[39m]: OPTIONS /refresh-token 204 0.283 ms
[36m2025-03-20 15:25:35[39m [[32mINFO[39m]: OPTIONS /refresh-token 204 0.293 ms
[36m2025-03-20 15:25:35[39m [[33mWARN[39m]: Token refresh failed: No refresh token provided
[36m2025-03-20 15:25:35[39m [[31mERROR[39m]: POST /refresh-token 403 3.901 ms
[36m2025-03-20 15:25:35[39m [[33mWARN[39m]: Token refresh failed: No refresh token provided
[36m2025-03-20 15:25:35[39m [[31mERROR[39m]: POST /refresh-token 403 4.802 ms
[36m2025-03-20 15:25:35[39m [[31mERROR[39m]: GET /profile 403 3.442 ms
[36m2025-03-20 15:25:35[39m [[31mERROR[39m]: GET /profile 403 2.979 ms
[36m2025-03-20 15:27:23[39m [[32mINFO[39m]: OPTIONS /refresh-token 204 1.633 ms
[36m2025-03-20 15:27:23[39m [[32mINFO[39m]: OPTIONS /refresh-token 204 8.754 ms
[36m2025-03-20 15:27:23[39m [[33mWARN[39m]: Token refresh failed: No refresh token provided
[36m2025-03-20 15:27:23[39m [[31mERROR[39m]: POST /refresh-token 403 21.281 ms
[36m2025-03-20 15:27:23[39m [[33mWARN[39m]: Token refresh failed: No refresh token provided
[36m2025-03-20 15:27:23[39m [[31mERROR[39m]: POST /refresh-token 403 5.282 ms
[36m2025-03-20 15:27:23[39m [[31mERROR[39m]: GET /profile 403 5.582 ms
[36m2025-03-20 15:27:23[39m [[31mERROR[39m]: GET /profile 403 2.439 ms
[36m2025-03-20 15:30:33[39m [[32mINFO[39m]: Database Connected
[36m2025-03-20 15:32:26[39m [[32mINFO[39m]: Database Connected
[36m2025-03-20 15:37:07[39m [[32mINFO[39m]: OPTIONS /refresh-token 204 9.868 ms
[36m2025-03-20 15:37:07[39m [[32mINFO[39m]: OPTIONS /refresh-token 204 1.008 ms
[36m2025-03-20 15:37:07[39m [[32mINFO[39m]: OPTIONS /refresh-token 204 0.237 ms
[36m2025-03-20 15:37:07[39m [[32mINFO[39m]: OPTIONS /refresh-token 204 1.425 ms
[36m2025-03-20 15:37:08[39m [[33mWARN[39m]: Token refresh failed: No refresh token provided
[36m2025-03-20 15:37:08[39m [[31mERROR[39m]: POST /refresh-token 403 188.915 ms
[36m2025-03-20 15:37:08[39m [[33mWARN[39m]: Token refresh failed: No refresh token provided
[36m2025-03-20 15:37:08[39m [[31mERROR[39m]: POST /refresh-token 403 2.448 ms
[36m2025-03-20 15:37:08[39m [[31mERROR[39m]: GET /profile 403 16.954 ms
[36m2025-03-20 15:37:08[39m [[33mWARN[39m]: Token refresh failed: No refresh token provided
[36m2025-03-20 15:37:08[39m [[31mERROR[39m]: POST /refresh-token 403 1.276 ms
[36m2025-03-20 15:37:08[39m [[31mERROR[39m]: GET /profile 403 51.701 ms
[36m2025-03-20 15:37:08[39m [[31mERROR[39m]: GET /profile 403 25.866 ms
[36m2025-03-20 15:37:08[39m [[33mWARN[39m]: Token refresh failed: No refresh token provided
[36m2025-03-20 15:37:08[39m [[31mERROR[39m]: POST /refresh-token 403 1.740 ms
[36m2025-03-20 15:37:08[39m [[31mERROR[39m]: GET /profile 403 3.530 ms
[36m2025-03-20 15:58:58[39m [[32mINFO[39m]: OPTIONS /refresh-token 204 7.123 ms
[36m2025-03-20 15:58:58[39m [[32mINFO[39m]: OPTIONS /refresh-token 204 1.540 ms
[36m2025-03-20 15:58:58[39m [[33mWARN[39m]: Token refresh failed: No refresh token provided
[36m2025-03-20 15:58:58[39m [[31mERROR[39m]: POST /refresh-token 403 14.683 ms
[36m2025-03-20 15:58:58[39m [[33mWARN[39m]: Token refresh failed: No refresh token provided
[36m2025-03-20 15:58:58[39m [[31mERROR[39m]: POST /refresh-token 403 1.545 ms
[36m2025-03-20 15:58:58[39m [[31mERROR[39m]: GET /profile 403 9.813 ms
[36m2025-03-20 15:58:58[39m [[31mERROR[39m]: GET /profile 403 5.016 ms
[36m2025-03-20 16:02:39[39m [[32mINFO[39m]: OPTIONS /refresh-token 204 1.816 ms
[36m2025-03-20 16:02:39[39m [[32mINFO[39m]: OPTIONS /refresh-token 204 0.300 ms
[36m2025-03-20 16:02:39[39m [[32mINFO[39m]: OPTIONS /refresh-token 204 0.278 ms
[36m2025-03-20 16:02:39[39m [[32mINFO[39m]: OPTIONS /refresh-token 204 0.373 ms
[36m2025-03-20 16:02:39[39m [[33mWARN[39m]: Token refresh failed: No refresh token provided
[36m2025-03-20 16:02:39[39m [[31mERROR[39m]: POST /refresh-token 403 3.646 ms
[36m2025-03-20 16:02:39[39m [[31mERROR[39m]: GET /profile 403 4.698 ms
[36m2025-03-20 16:02:39[39m [[33mWARN[39m]: Token refresh failed: No refresh token provided
[36m2025-03-20 16:02:39[39m [[31mERROR[39m]: POST /refresh-token 403 1.662 ms
[36m2025-03-20 16:02:39[39m [[33mWARN[39m]: Token refresh failed: No refresh token provided
[36m2025-03-20 16:02:39[39m [[31mERROR[39m]: POST /refresh-token 403 6.468 ms
[36m2025-03-20 16:02:39[39m [[31mERROR[39m]: GET /profile 403 5.015 ms
[36m2025-03-20 16:02:39[39m [[31mERROR[39m]: GET /profile 403 13.534 ms
[36m2025-03-20 16:02:39[39m [[33mWARN[39m]: Token refresh failed: No refresh token provided
[36m2025-03-20 16:02:39[39m [[31mERROR[39m]: POST /refresh-token 403 14.036 ms
[36m2025-03-20 16:02:39[39m [[31mERROR[39m]: GET /profile 403 2.139 ms
[36m2025-03-20 16:02:42[39m [[33mWARN[39m]: Token refresh failed: No refresh token provided
[36m2025-03-20 16:02:42[39m [[31mERROR[39m]: POST /refresh-token 403 2.080 ms
[36m2025-03-20 16:02:42[39m [[33mWARN[39m]: Token refresh failed: No refresh token provided
[36m2025-03-20 16:02:42[39m [[31mERROR[39m]: POST /refresh-token 403 1.236 ms
[36m2025-03-20 16:02:42[39m [[31mERROR[39m]: GET /profile 403 2.110 ms
[36m2025-03-20 16:02:42[39m [[31mERROR[39m]: GET /profile 403 1.865 ms
[36m2025-03-20 16:02:42[39m [[33mWARN[39m]: Token refresh failed: No refresh token provided
[36m2025-03-20 16:02:42[39m [[31mERROR[39m]: POST /refresh-token 403 3.334 ms
[36m2025-03-20 16:02:42[39m [[33mWARN[39m]: Token refresh failed: No refresh token provided
[36m2025-03-20 16:02:42[39m [[31mERROR[39m]: POST /refresh-token 403 0.926 ms
[36m2025-03-20 16:02:42[39m [[31mERROR[39m]: GET /profile 403 1.756 ms
[36m2025-03-20 16:02:42[39m [[31mERROR[39m]: GET /profile 403 1.590 ms
[36m2025-03-21 06:04:40[39m [[32mINFO[39m]: OPTIONS /refresh-token 204 1.190 ms
[36m2025-03-21 06:04:40[39m [[32mINFO[39m]: OPTIONS /refresh-token 204 0.222 ms
[36m2025-03-21 06:04:40[39m [[33mWARN[39m]: Token refresh failed: No refresh token provided
[36m2025-03-21 06:04:40[39m [[31mERROR[39m]: POST /refresh-token 403 9.923 ms
[36m2025-03-21 06:04:40[39m [[33mWARN[39m]: Token refresh failed: No refresh token provided
[36m2025-03-21 06:04:40[39m [[31mERROR[39m]: POST /refresh-token 403 6.971 ms
[36m2025-03-21 06:04:40[39m [[32mINFO[39m]: OPTIONS /refresh-token 204 0.206 ms
[36m2025-03-21 06:04:40[39m [[31mERROR[39m]: GET /profile 403 21.751 ms
[36m2025-03-21 06:04:40[39m [[31mERROR[39m]: GET /profile 403 2.241 ms
[36m2025-03-21 06:04:40[39m [[33mWARN[39m]: Token refresh failed: No refresh token provided
[36m2025-03-21 06:04:40[39m [[31mERROR[39m]: POST /refresh-token 403 5.026 ms
[36m2025-03-21 06:04:40[39m [[33mWARN[39m]: Token refresh failed: No refresh token provided
[36m2025-03-21 06:04:40[39m [[31mERROR[39m]: POST /refresh-token 403 2.049 ms
[36m2025-03-21 06:04:40[39m [[31mERROR[39m]: GET /profile 403 2.587 ms
[36m2025-03-21 06:04:41[39m [[31mERROR[39m]: GET /profile 403 8.407 ms
[36m2025-03-21 07:14:22[39m [[32mINFO[39m]: User logged in: q@gmail.com
[36m2025-03-21 07:14:22[39m [[32mINFO[39m]: POST /login 200 3098.961 ms
[36m2025-03-21 07:14:58[39m [[32mINFO[39m]: OPTIONS /refresh-token 204 2.054 ms
[36m2025-03-21 07:14:58[39m [[32mINFO[39m]: OPTIONS /refresh-token 204 0.244 ms
[36m2025-03-21 07:14:58[39m [[33mWARN[39m]: Token refresh failed: No refresh token provided
[36m2025-03-21 07:14:58[39m [[31mERROR[39m]: POST /refresh-token 403 4.164 ms
[36m2025-03-21 07:14:58[39m [[33mWARN[39m]: Token refresh failed: No refresh token provided
[36m2025-03-21 07:14:58[39m [[31mERROR[39m]: POST /refresh-token 403 36.808 ms
[36m2025-03-21 07:14:58[39m [[31mERROR[39m]: GET /profile 403 36.528 ms
[36m2025-03-21 07:14:58[39m [[31mERROR[39m]: GET /profile 403 5.683 ms
[36m2025-03-21 07:27:51[39m [[32mINFO[39m]: OPTIONS /refresh-token 204 1.100 ms
[36m2025-03-21 07:27:51[39m [[32mINFO[39m]: OPTIONS /refresh-token 204 0.249 ms
[36m2025-03-21 07:27:51[39m [[33mWARN[39m]: Token refresh failed: No refresh token provided
[36m2025-03-21 07:27:51[39m [[31mERROR[39m]: POST /refresh-token 403 8.666 ms
[36m2025-03-21 07:27:51[39m [[33mWARN[39m]: Token refresh failed: No refresh token provided
[36m2025-03-21 07:27:51[39m [[31mERROR[39m]: POST /refresh-token 403 1.785 ms
[36m2025-03-21 07:27:51[39m [[31mERROR[39m]: GET /profile 403 123.070 ms
[36m2025-03-21 07:27:51[39m [[31mERROR[39m]: GET /profile 403 10.254 ms
[36m2025-03-21 07:53:17[39m [[32mINFO[39m]: OPTIONS /refresh-token 204 23.311 ms
[36m2025-03-21 07:53:17[39m [[32mINFO[39m]: OPTIONS /refresh-token 204 0.213 ms
[36m2025-03-21 07:53:17[39m [[33mWARN[39m]: Token refresh failed: No refresh token provided
[36m2025-03-21 07:53:17[39m [[31mERROR[39m]: POST /refresh-token 403 23.960 ms
[36m2025-03-21 07:53:17[39m [[33mWARN[39m]: Token refresh failed: No refresh token provided
[36m2025-03-21 07:53:17[39m [[31mERROR[39m]: POST /refresh-token 403 2.724 ms
[36m2025-03-21 07:53:18[39m [[31mERROR[39m]: GET /profile 403 429.920 ms
[36m2025-03-21 07:53:18[39m [[31mERROR[39m]: GET /profile 403 10.680 ms
[36m2025-03-21 08:00:47[39m [[32mINFO[39m]: OPTIONS /refresh-token 204 2.700 ms
[36m2025-03-21 08:00:47[39m [[32mINFO[39m]: OPTIONS /refresh-token 204 0.279 ms
[36m2025-03-21 08:00:47[39m [[33mWARN[39m]: Token refresh failed: No refresh token provided
[36m2025-03-21 08:00:47[39m [[31mERROR[39m]: POST /refresh-token 403 14.542 ms
[36m2025-03-21 08:00:47[39m [[33mWARN[39m]: Token refresh failed: No refresh token provided
[36m2025-03-21 08:00:47[39m [[31mERROR[39m]: POST /refresh-token 403 1.123 ms
[36m2025-03-21 08:00:47[39m [[31mERROR[39m]: GET /profile 403 15.595 ms
[36m2025-03-21 08:00:47[39m [[31mERROR[39m]: GET /profile 403 10.318 ms
[36m2025-03-21 09:05:41[39m [[32mINFO[39m]: Database Connected
[36m2025-03-21 09:09:53[39m [[32mINFO[39m]: Database Connected
[36m2025-03-21 09:20:30[39m [[32mINFO[39m]: Database Connected
[36m2025-03-21 09:55:24[39m [[32mINFO[39m]: Database Connected
[36m2025-03-21 09:55:39[39m [[32mINFO[39m]: OPTIONS /refresh-token 204 7.931 ms
[36m2025-03-21 09:55:39[39m [[32mINFO[39m]: OPTIONS /refresh-token 204 0.393 ms
[36m2025-03-21 09:55:39[39m [[33mWARN[39m]: Token refresh failed: No refresh token provided
[36m2025-03-21 09:55:39[39m [[31mERROR[39m]: POST /refresh-token 403 36.784 ms
[36m2025-03-21 09:55:39[39m [[33mWARN[39m]: Token refresh failed: No refresh token provided
[36m2025-03-21 09:55:39[39m [[31mERROR[39m]: POST /refresh-token 403 6.401 ms
[36m2025-03-21 09:55:39[39m [[31mERROR[39m]: GET /profile 403 7.523 ms
[36m2025-03-21 09:55:39[39m [[31mERROR[39m]: GET /profile 403 4.158 ms
[36m2025-03-21 09:55:59[39m [[32mINFO[39m]: OPTIONS /refresh-token 204 3.187 ms
[36m2025-03-21 09:55:59[39m [[32mINFO[39m]: OPTIONS /refresh-token 204 0.209 ms
[36m2025-03-21 09:55:59[39m [[33mWARN[39m]: Token refresh failed: No refresh token provided
[36m2025-03-21 09:55:59[39m [[31mERROR[39m]: POST /refresh-token 403 1.668 ms
[36m2025-03-21 09:55:59[39m [[33mWARN[39m]: Token refresh failed: No refresh token provided
[36m2025-03-21 09:55:59[39m [[31mERROR[39m]: POST /refresh-token 403 2.974 ms
[36m2025-03-21 09:55:59[39m [[31mERROR[39m]: GET /profile 403 3.655 ms
[36m2025-03-21 09:55:59[39m [[31mERROR[39m]: GET /profile 403 3.554 ms
[36m2025-03-21 09:59:22[39m [[32mINFO[39m]: Database Connected
[36m2025-03-21 09:59:25[39m [[32mINFO[39m]: OPTIONS /refresh-token 204 4.950 ms
[36m2025-03-21 09:59:25[39m [[32mINFO[39m]: OPTIONS /refresh-token 204 0.426 ms
[36m2025-03-21 09:59:25[39m [[33mWARN[39m]: Token refresh failed: No refresh token provided
[36m2025-03-21 09:59:25[39m [[31mERROR[39m]: POST /refresh-token 403 40.874 ms
[36m2025-03-21 09:59:25[39m [[33mWARN[39m]: Token refresh failed: No refresh token provided
[36m2025-03-21 09:59:25[39m [[31mERROR[39m]: POST /refresh-token 403 4.223 ms
[36m2025-03-21 09:59:25[39m [[31mERROR[39m]: GET /profile 403 11.331 ms
[36m2025-03-21 09:59:25[39m [[31mERROR[39m]: GET /profile 403 8.429 ms
[36m2025-03-21 17:12:49[39m [[32mINFO[39m]: Database Connected
[36m2025-03-21 17:13:00[39m [[31mERROR[39m]: GET /profile 401 7.163 ms
[36m2025-03-21 17:13:00[39m [[31mERROR[39m]: GET /profile 401 1.087 ms
[36m2025-03-21 17:13:00[39m [[32mINFO[39m]: OPTIONS /refresh-token 204 0.914 ms
[36m2025-03-21 17:13:00[39m [[32mINFO[39m]: OPTIONS /refresh-token 204 0.226 ms
[36m2025-03-21 17:13:00[39m [[31mERROR[39m]: GET /profile 401 0.774 ms
[36m2025-03-21 17:13:00[39m [[31mERROR[39m]: GET /profile 401 0.892 ms
[36m2025-03-21 17:14:31[39m [[32mINFO[39m]: Database Connected
[36m2025-03-21 17:17:47[39m [[31mERROR[39m]: GET /profile 401 3.975 ms
[36m2025-03-21 17:17:47[39m [[31mERROR[39m]: GET /profile 401 1.692 ms
[36m2025-03-21 17:17:47[39m [[32mINFO[39m]: OPTIONS /refresh-token 204 1.523 ms
[36m2025-03-21 17:17:47[39m [[32mINFO[39m]: OPTIONS /refresh-token 204 0.232 ms
[36m2025-03-21 17:17:47[39m [[31mERROR[39m]: GET /profile 401 0.454 ms
[36m2025-03-21 17:17:47[39m [[31mERROR[39m]: GET /profile 401 0.397 ms
[36m2025-03-21 18:02:12[39m [[32mINFO[39m]: Database Connected
[36m2025-03-21 18:02:19[39m [[31mERROR[39m]: GET /profile 401 4.098 ms
[36m2025-03-21 18:02:19[39m [[31mERROR[39m]: GET /profile 401 0.819 ms
[36m2025-03-21 18:02:19[39m [[32mINFO[39m]: OPTIONS /refresh-token 204 0.629 ms
[36m2025-03-21 18:02:19[39m [[32mINFO[39m]: OPTIONS /refresh-token 204 0.271 ms
[36m2025-03-21 18:02:19[39m [[31mERROR[39m]: GET /profile 401 0.594 ms
[36m2025-03-21 18:02:19[39m [[31mERROR[39m]: GET /profile 401 0.389 ms
[36m2025-03-21 18:03:37[39m [[31mERROR[39m]: GET /profile 401 0.535 ms
[36m2025-03-21 18:03:37[39m [[31mERROR[39m]: GET /profile 401 0.489 ms
[36m2025-03-21 18:03:37[39m [[32mINFO[39m]: OPTIONS /refresh-token 204 0.215 ms
[36m2025-03-21 18:03:37[39m [[32mINFO[39m]: OPTIONS /refresh-token 204 0.230 ms
[36m2025-03-21 18:03:37[39m [[31mERROR[39m]: GET /profile 401 1.551 ms
[36m2025-03-21 18:03:37[39m [[31mERROR[39m]: GET /profile 401 0.712 ms
[36m2025-03-21 18:05:10[39m [[32mINFO[39m]: Database Connected
[36m2025-03-21 18:10:54[39m [[32mINFO[39m]: OPTIONS /refresh-token 204 7.126 ms
[36m2025-03-21 18:10:54[39m [[31mERROR[39m]: GET /profile 401 3.710 ms
[36m2025-03-21 18:10:54[39m [[32mINFO[39m]: OPTIONS /refresh-token 204 0.287 ms
[36m2025-03-21 18:10:54[39m [[31mERROR[39m]: POST /refresh-token 404 43.485 ms
[36m2025-03-21 18:10:54[39m [[31mERROR[39m]: POST /refresh-token 404 1.487 ms
[36m2025-03-21 18:10:54[39m [[31mERROR[39m]: GET /profile 401 0.447 ms
[36m2025-03-21 18:10:54[39m [[31mERROR[39m]: POST /refresh-token 404 0.777 ms
[36m2025-03-21 18:10:54[39m [[31mERROR[39m]: GET /profile 401 0.514 ms
[36m2025-03-21 18:10:54[39m [[31mERROR[39m]: POST /refresh-token 404 1.446 ms
[36m2025-03-21 18:10:54[39m [[31mERROR[39m]: GET /profile 401 0.716 ms
[36m2025-03-21 18:10:54[39m [[31mERROR[39m]: POST /refresh-token 404 0.671 ms
[36m2025-03-21 18:10:54[39m [[31mERROR[39m]: POST /refresh-token 404 1.281 ms
[36m2025-03-21 18:11:06[39m [[31mERROR[39m]: GET /profile 401 1.194 ms
[36m2025-03-21 18:11:06[39m [[32mINFO[39m]: OPTIONS /refresh-token 204 0.447 ms
[36m2025-03-21 18:11:06[39m [[31mERROR[39m]: POST /refresh-token 404 0.673 ms
[36m2025-03-21 18:11:06[39m [[31mERROR[39m]: GET /profile 401 0.567 ms
[36m2025-03-21 18:11:06[39m [[31mERROR[39m]: POST /refresh-token 404 0.690 ms
[36m2025-03-21 18:11:06[39m [[31mERROR[39m]: GET /profile 401 8.030 ms
[36m2025-03-21 18:11:06[39m [[31mERROR[39m]: POST /refresh-token 404 32.114 ms
[36m2025-03-21 18:11:06[39m [[31mERROR[39m]: POST /refresh-token 404 6.083 ms
[36m2025-03-21 18:11:06[39m [[31mERROR[39m]: POST /refresh-token 404 0.761 ms
[36m2025-03-21 18:11:06[39m [[31mERROR[39m]: GET /profile 401 0.597 ms
[36m2025-03-21 18:11:06[39m [[31mERROR[39m]: POST /refresh-token 404 0.924 ms
[36m2025-03-21 18:12:52[39m [[32mINFO[39m]: Database Connected
[36m2025-03-21 18:13:03[39m [[32mINFO[39m]: OPTIONS /refresh-token 204 2.076 ms
[36m2025-03-21 18:13:03[39m [[31mERROR[39m]: GET /profile 401 2.824 ms
[36m2025-03-21 18:13:03[39m [[32mINFO[39m]: OPTIONS /refresh-token 204 0.252 ms
[36m2025-03-21 18:13:03[39m [[33mWARN[39m]: Token refresh failed: No refresh token provided
[36m2025-03-21 18:13:03[39m [[31mERROR[39m]: POST /refresh-token 403 25.184 ms
[36m2025-03-21 18:13:03[39m [[33mWARN[39m]: Token refresh failed: No refresh token provided
[36m2025-03-21 18:13:03[39m [[31mERROR[39m]: POST /refresh-token 403 6.261 ms
[36m2025-03-21 18:13:03[39m [[31mERROR[39m]: GET /profile 401 0.405 ms
[36m2025-03-21 18:13:03[39m [[31mERROR[39m]: GET /profile 401 0.512 ms
[36m2025-03-21 18:13:03[39m [[33mWARN[39m]: Token refresh failed: No refresh token provided
[36m2025-03-21 18:13:03[39m [[31mERROR[39m]: POST /refresh-token 403 1.263 ms
[36m2025-03-21 18:13:03[39m [[33mWARN[39m]: Token refresh failed: No refresh token provided
[36m2025-03-21 18:13:03[39m [[31mERROR[39m]: POST /refresh-token 403 2.621 ms
[36m2025-03-21 18:13:03[39m [[33mWARN[39m]: Token refresh failed: No refresh token provided
[36m2025-03-21 18:13:03[39m [[31mERROR[39m]: POST /refresh-token 403 2.303 ms
[36m2025-03-21 18:13:03[39m [[31mERROR[39m]: GET /profile 401 0.534 ms
[36m2025-03-21 18:13:03[39m [[33mWARN[39m]: Token refresh failed: No refresh token provided
[36m2025-03-21 18:13:03[39m [[31mERROR[39m]: POST /refresh-token 403 1.783 ms
[36m2025-03-21 18:13:19[39m [[32mINFO[39m]: OPTIONS /register 204 0.225 ms
[36m2025-03-21 18:13:21[39m [[32mINFO[39m]: New user registered: o@gmail.com
[36m2025-03-21 18:13:21[39m [[32mINFO[39m]: POST /register 200 1190.551 ms
[36m2025-03-21 18:13:37[39m [[32mINFO[39m]: OPTIONS /login 204 1.601 ms
[36m2025-03-21 18:13:37[39m [[32mINFO[39m]: User logged in: o@gmail.com
[36m2025-03-21 18:13:37[39m [[32mINFO[39m]: POST /login 200 806.289 ms
[36m2025-03-21 18:13:42[39m [[32mINFO[39m]: Profile accessed for user ID: 67dd5ee804dbce7a6244c33b
[36m2025-03-21 18:13:42[39m [[32mINFO[39m]: GET /profile 200 19.618 ms
[36m2025-03-21 18:13:42[39m [[32mINFO[39m]: Profile accessed for user ID: 67dd5ee804dbce7a6244c33b
[36m2025-03-21 18:13:42[39m [[32mINFO[39m]: GET /profile 304 8.755 ms
[36m2025-03-21 18:13:42[39m [[32mINFO[39m]: OPTIONS /refresh-token 204 1.169 ms
[36m2025-03-21 18:13:42[39m [[32mINFO[39m]: OPTIONS /refresh-token 204 0.233 ms
[36m2025-03-21 18:13:42[39m [[32mINFO[39m]: New access token issued for user ID: 67dd5ee804dbce7a6244c33b
[36m2025-03-21 18:13:42[39m [[32mINFO[39m]: POST /refresh-token 200 10.263 ms
[36m2025-03-21 18:13:42[39m [[32mINFO[39m]: New access token issued for user ID: 67dd5ee804dbce7a6244c33b
[36m2025-03-21 18:13:42[39m [[32mINFO[39m]: POST /refresh-token 200 8.907 ms
[36m2025-03-21 18:13:42[39m [[32mINFO[39m]: OPTIONS /profile 204 0.248 ms
[36m2025-03-21 18:13:42[39m [[32mINFO[39m]: Profile accessed for user ID: 67dd5ee804dbce7a6244c33b
[36m2025-03-21 18:13:42[39m [[32mINFO[39m]: GET /profile 304 6.057 ms
[36m2025-03-21 18:13:42[39m [[32mINFO[39m]: Profile accessed for user ID: 67dd5ee804dbce7a6244c33b
[36m2025-03-21 18:13:42[39m [[32mINFO[39m]: GET /profile 304 4.360 ms
[36m2025-03-21 18:13:45[39m [[32mINFO[39m]: Profile accessed for user ID: 67dd5ee804dbce7a6244c33b
[36m2025-03-21 18:13:45[39m [[32mINFO[39m]: GET /profile 304 7.015 ms
[36m2025-03-21 18:13:45[39m [[32mINFO[39m]: New access token issued for user ID: 67dd5ee804dbce7a6244c33b
[36m2025-03-21 18:13:45[39m [[32mINFO[39m]: POST /refresh-token 200 6.149 ms
[36m2025-03-21 18:13:45[39m [[32mINFO[39m]: Profile accessed for user ID: 67dd5ee804dbce7a6244c33b
[36m2025-03-21 18:13:45[39m [[32mINFO[39m]: GET /profile 304 5.455 ms
[36m2025-03-21 18:13:45[39m [[32mINFO[39m]: New access token issued for user ID: 67dd5ee804dbce7a6244c33b
[36m2025-03-21 18:13:45[39m [[32mINFO[39m]: POST /refresh-token 200 5.347 ms
[36m2025-03-21 18:13:45[39m [[32mINFO[39m]: Profile accessed for user ID: 67dd5ee804dbce7a6244c33b
[36m2025-03-21 18:13:45[39m [[32mINFO[39m]: GET /profile 304 19.445 ms
[36m2025-03-21 18:13:45[39m [[32mINFO[39m]: Profile accessed for user ID: 67dd5ee804dbce7a6244c33b
[36m2025-03-21 18:13:45[39m [[32mINFO[39m]: GET /profile 304 4.548 ms
[36m2025-03-21 18:13:46[39m [[32mINFO[39m]: Profile accessed for user ID: 67dd5ee804dbce7a6244c33b
[36m2025-03-21 18:13:46[39m [[32mINFO[39m]: GET /profile 304 4.287 ms
[36m2025-03-21 18:13:46[39m [[32mINFO[39m]: New access token issued for user ID: 67dd5ee804dbce7a6244c33b
[36m2025-03-21 18:13:46[39m [[32mINFO[39m]: POST /refresh-token 200 19.367 ms
[36m2025-03-21 18:13:46[39m [[32mINFO[39m]: New access token issued for user ID: 67dd5ee804dbce7a6244c33b
[36m2025-03-21 18:13:46[39m [[32mINFO[39m]: POST /refresh-token 200 7.173 ms
[36m2025-03-21 18:13:46[39m [[32mINFO[39m]: Profile accessed for user ID: 67dd5ee804dbce7a6244c33b
[36m2025-03-21 18:13:46[39m [[32mINFO[39m]: GET /profile 304 6.155 ms
[36m2025-03-21 18:13:46[39m [[32mINFO[39m]: Profile accessed for user ID: 67dd5ee804dbce7a6244c33b
[36m2025-03-21 18:13:46[39m [[32mINFO[39m]: GET /profile 304 4.616 ms
[36m2025-03-21 18:13:46[39m [[32mINFO[39m]: Profile accessed for user ID: 67dd5ee804dbce7a6244c33b
[36m2025-03-21 18:13:46[39m [[32mINFO[39m]: GET /profile 304 7.321 ms
[36m2025-03-21 18:13:48[39m [[32mINFO[39m]: Profile accessed for user ID: 67dd5ee804dbce7a6244c33b
[36m2025-03-21 18:13:48[39m [[32mINFO[39m]: GET /profile 304 6.012 ms
[36m2025-03-21 18:13:48[39m [[32mINFO[39m]: OPTIONS /refresh-token 204 0.524 ms
[36m2025-03-21 18:13:48[39m [[32mINFO[39m]: New access token issued for user ID: 67dd5ee804dbce7a6244c33b
[36m2025-03-21 18:13:48[39m [[32mINFO[39m]: POST /refresh-token 200 4.422 ms
[36m2025-03-21 18:13:48[39m [[32mINFO[39m]: Profile accessed for user ID: 67dd5ee804dbce7a6244c33b
[36m2025-03-21 18:13:48[39m [[32mINFO[39m]: GET /profile 304 6.167 ms
[36m2025-03-21 18:13:48[39m [[32mINFO[39m]: New access token issued for user ID: 67dd5ee804dbce7a6244c33b
[36m2025-03-21 18:13:48[39m [[32mINFO[39m]: POST /refresh-token 200 5.213 ms
[36m2025-03-21 18:13:48[39m [[32mINFO[39m]: OPTIONS /profile 204 0.279 ms
[36m2025-03-21 18:13:48[39m [[32mINFO[39m]: Profile accessed for user ID: 67dd5ee804dbce7a6244c33b
[36m2025-03-21 18:13:48[39m [[32mINFO[39m]: GET /profile 304 4.608 ms
[36m2025-03-21 18:13:48[39m [[32mINFO[39m]: Profile accessed for user ID: 67dd5ee804dbce7a6244c33b
[36m2025-03-21 18:13:48[39m [[32mINFO[39m]: GET /profile 304 3.792 ms
[36m2025-03-21 18:15:26[39m [[32mINFO[39m]: Database Connected
[36m2025-03-21 18:15:36[39m [[32mINFO[39m]: OPTIONS /refresh-token 204 4.276 ms
[36m2025-03-21 18:15:36[39m [[32mINFO[39m]: OPTIONS /refresh-token 204 0.353 ms
[36m2025-03-21 18:15:36[39m [[31mERROR[39m]: GET /profile 403 9.575 ms
[36m2025-03-21 18:15:36[39m [[31mERROR[39m]: GET /profile 403 2.105 ms
[36m2025-03-21 18:15:36[39m [[32mINFO[39m]: New access token issued for user ID: 67dd5ee804dbce7a6244c33b
[36m2025-03-21 18:15:36[39m [[32mINFO[39m]: POST /refresh-token 200 29.527 ms
[36m2025-03-21 18:15:36[39m [[32mINFO[39m]: New access token issued for user ID: 67dd5ee804dbce7a6244c33b
[36m2025-03-21 18:15:36[39m [[32mINFO[39m]: POST /refresh-token 200 8.015 ms
[36m2025-03-21 18:15:36[39m [[32mINFO[39m]: OPTIONS /profile 204 0.338 ms
[36m2025-03-21 18:15:36[39m [[31mERROR[39m]: GET /profile 403 3.350 ms
[36m2025-03-21 18:15:36[39m [[31mERROR[39m]: GET /profile 403 2.838 ms
[36m2025-03-21 18:15:58[39m [[32mINFO[39m]: OPTIONS /login 204 0.437 ms
[36m2025-03-21 18:15:59[39m [[32mINFO[39m]: User logged in: o@gmail.com
[36m2025-03-21 18:15:59[39m [[32mINFO[39m]: POST /login 200 1095.295 ms
[36m2025-03-21 18:16:04[39m [[32mINFO[39m]: Profile accessed for user ID: 67dd5ee804dbce7a6244c33b
[36m2025-03-21 18:16:04[39m [[32mINFO[39m]: GET /profile 200 5.554 ms
[36m2025-03-21 18:16:04[39m [[32mINFO[39m]: OPTIONS /refresh-token 204 0.485 ms
[36m2025-03-21 18:16:04[39m [[32mINFO[39m]: New access token issued for user ID: 67dd5ee804dbce7a6244c33b
[36m2025-03-21 18:16:04[39m [[32mINFO[39m]: POST /refresh-token 200 5.546 ms
[36m2025-03-21 18:16:04[39m [[32mINFO[39m]: Profile accessed for user ID: 67dd5ee804dbce7a6244c33b
[36m2025-03-21 18:16:04[39m [[32mINFO[39m]: GET /profile 304 6.351 ms
[36m2025-03-21 18:16:04[39m [[32mINFO[39m]: New access token issued for user ID: 67dd5ee804dbce7a6244c33b
[36m2025-03-21 18:16:04[39m [[32mINFO[39m]: POST /refresh-token 200 12.594 ms
[36m2025-03-21 18:16:05[39m [[32mINFO[39m]: OPTIONS /profile 204 0.244 ms
[36m2025-03-21 18:16:05[39m [[32mINFO[39m]: Profile accessed for user ID: 67dd5ee804dbce7a6244c33b
[36m2025-03-21 18:16:05[39m [[32mINFO[39m]: GET /profile 304 3.736 ms
[36m2025-03-21 18:16:05[39m [[32mINFO[39m]: OPTIONS /profile 204 0.314 ms
[36m2025-03-21 18:16:05[39m [[32mINFO[39m]: Profile accessed for user ID: 67dd5ee804dbce7a6244c33b
[36m2025-03-21 18:16:05[39m [[32mINFO[39m]: GET /profile 304 5.751 ms
[36m2025-03-21 18:16:07[39m [[32mINFO[39m]: Profile accessed for user ID: 67dd5ee804dbce7a6244c33b
[36m2025-03-21 18:16:07[39m [[32mINFO[39m]: GET /profile 304 4.695 ms
[36m2025-03-21 18:16:07[39m [[32mINFO[39m]: New access token issued for user ID: 67dd5ee804dbce7a6244c33b
[36m2025-03-21 18:16:07[39m [[32mINFO[39m]: POST /refresh-token 200 6.557 ms
[36m2025-03-21 18:16:07[39m [[32mINFO[39m]: Profile accessed for user ID: 67dd5ee804dbce7a6244c33b
[36m2025-03-21 18:16:07[39m [[32mINFO[39m]: GET /profile 304 5.853 ms
[36m2025-03-21 18:16:07[39m [[32mINFO[39m]: New access token issued for user ID: 67dd5ee804dbce7a6244c33b
[36m2025-03-21 18:16:07[39m [[32mINFO[39m]: POST /refresh-token 200 4.008 ms
[36m2025-03-21 18:16:07[39m [[32mINFO[39m]: Profile accessed for user ID: 67dd5ee804dbce7a6244c33b
[36m2025-03-21 18:16:07[39m [[32mINFO[39m]: GET /profile 304 3.874 ms
[36m2025-03-21 18:16:07[39m [[32mINFO[39m]: Profile accessed for user ID: 67dd5ee804dbce7a6244c33b
[36m2025-03-21 18:16:07[39m [[32mINFO[39m]: GET /profile 304 5.040 ms
[36m2025-03-21 18:20:16[39m [[32mINFO[39m]: OPTIONS /refresh-token 204 1.348 ms
[36m2025-03-21 18:20:16[39m [[32mINFO[39m]: OPTIONS /refresh-token 204 0.299 ms
[36m2025-03-21 18:20:16[39m [[31mERROR[39m]: GET /profile 403 7.256 ms
[36m2025-03-21 18:20:16[39m [[32mINFO[39m]: New access token issued for user ID: 67dd5ee804dbce7a6244c33b
[36m2025-03-21 18:20:16[39m [[32mINFO[39m]: POST /refresh-token 200 4.602 ms
[36m2025-03-21 18:20:16[39m [[31mERROR[39m]: GET /profile 403 2.213 ms
[36m2025-03-21 18:20:16[39m [[32mINFO[39m]: New access token issued for user ID: 67dd5ee804dbce7a6244c33b
[36m2025-03-21 18:20:16[39m [[32mINFO[39m]: POST /refresh-token 200 37.389 ms
[36m2025-03-21 18:20:16[39m [[32mINFO[39m]: OPTIONS /profile 204 0.228 ms
[36m2025-03-21 18:20:16[39m [[32mINFO[39m]: OPTIONS /profile 204 0.220 ms
[36m2025-03-21 18:20:16[39m [[31mERROR[39m]: GET /profile 403 1.771 ms
[36m2025-03-21 18:20:16[39m [[31mERROR[39m]: GET /profile 403 2.802 ms
[36m2025-03-21 18:36:22[39m [[32mINFO[39m]: OPTIONS /refresh-token 204 0.751 ms
[36m2025-03-21 18:36:22[39m [[32mINFO[39m]: OPTIONS /refresh-token 204 0.480 ms
[36m2025-03-21 18:36:22[39m [[31mERROR[39m]: GET /profile 403 2.263 ms
[36m2025-03-21 18:36:23[39m [[31mERROR[39m]: GET /profile 403 3.078 ms
[36m2025-03-21 18:36:23[39m [[32mINFO[39m]: New access token issued for user ID: 67dd5ee804dbce7a6244c33b
[36m2025-03-21 18:36:23[39m [[32mINFO[39m]: POST /refresh-token 200 4.287 ms
[36m2025-03-21 18:36:23[39m [[32mINFO[39m]: New access token issued for user ID: 67dd5ee804dbce7a6244c33b
[36m2025-03-21 18:36:23[39m [[32mINFO[39m]: POST /refresh-token 200 8.535 ms
[36m2025-03-21 18:36:23[39m [[32mINFO[39m]: OPTIONS /profile 204 0.184 ms
[36m2025-03-21 18:36:23[39m [[31mERROR[39m]: GET /profile 403 1.681 ms
[36m2025-03-21 18:36:23[39m [[31mERROR[39m]: GET /profile 403 4.481 ms
[36m2025-03-21 19:08:21[39m [[31mERROR[39m]: GET /profile 403 3.941 ms
[36m2025-03-21 19:08:21[39m [[31mERROR[39m]: GET /profile 403 4.440 ms
[36m2025-03-21 19:08:21[39m [[32mINFO[39m]: OPTIONS /refresh-token 204 0.199 ms
[36m2025-03-21 19:08:21[39m [[32mINFO[39m]: New access token issued for user ID: 67dd5ee804dbce7a6244c33b
[36m2025-03-21 19:08:21[39m [[32mINFO[39m]: POST /refresh-token 200 4.405 ms
[36m2025-03-21 19:08:21[39m [[32mINFO[39m]: OPTIONS /refresh-token 204 0.195 ms
[36m2025-03-21 19:08:21[39m [[32mINFO[39m]: OPTIONS /profile 204 0.190 ms
[36m2025-03-21 19:08:21[39m [[32mINFO[39m]: New access token issued for user ID: 67dd5ee804dbce7a6244c33b
[36m2025-03-21 19:08:21[39m [[32mINFO[39m]: POST /refresh-token 200 5.963 ms
[36m2025-03-21 19:08:21[39m [[31mERROR[39m]: GET /profile 403 2.841 ms
[36m2025-03-21 19:08:21[39m [[31mERROR[39m]: GET /profile 403 1.896 ms
[36m2025-03-21 19:16:34[39m [[32mINFO[39m]: OPTIONS /login 204 21.865 ms
[36m2025-03-21 19:16:37[39m [[32mINFO[39m]: User logged in: o@gmail.com
[36m2025-03-21 19:16:37[39m [[32mINFO[39m]: POST /login 200 3267.049 ms
[36m2025-03-21 19:17:49[39m [[32mINFO[39m]: OPTIONS /logout 204 0.168 ms
[36m2025-03-21 19:17:49[39m [[32mINFO[39m]: User logged out: Unknown user
[36m2025-03-21 19:17:49[39m [[32mINFO[39m]: POST /logout 200 1.737 ms
[36m2025-03-21 19:18:11[39m [[32mINFO[39m]: OPTIONS /login 204 0.160 ms
[36m2025-03-21 19:18:12[39m [[32mINFO[39m]: User logged in: o@gmail.com
[36m2025-03-21 19:18:12[39m [[32mINFO[39m]: POST /login 200 811.123 ms
